Archive member included to satisfy reference by file (symbol)

c:/users/koche/appdata/roaming/gnu mcu eclipse/arm embedded gcc/8.2.1-1.6-20190510-1829/bin/../lib/gcc/arm-none-eabi/8.2.1/../../../../arm-none-eabi/lib/thumb/v6-m/nofp\libstdc++_nano.a(atexit_arm.o)
                              ./src/flash_stm32l0x2_drv.o (__aeabi_atexit)
c:/users/koche/appdata/roaming/gnu mcu eclipse/arm embedded gcc/8.2.1-1.6-20190510-1829/bin/../lib/gcc/arm-none-eabi/8.2.1/../../../../arm-none-eabi/lib/thumb/v6-m/nofp\libstdc++_nano.a(del_ops.o)
                              ./src/flash_stm32l0x2_drv.o (operator delete(void*, unsigned int))
c:/users/koche/appdata/roaming/gnu mcu eclipse/arm embedded gcc/8.2.1-1.6-20190510-1829/bin/../lib/gcc/arm-none-eabi/8.2.1/../../../../arm-none-eabi/lib/thumb/v6-m/nofp\libstdc++_nano.a(del_op.o)
                              c:/users/koche/appdata/roaming/gnu mcu eclipse/arm embedded gcc/8.2.1-1.6-20190510-1829/bin/../lib/gcc/arm-none-eabi/8.2.1/../../../../arm-none-eabi/lib/thumb/v6-m/nofp\libstdc++_nano.a(del_ops.o) (operator delete(void*))
c:/users/koche/appdata/roaming/gnu mcu eclipse/arm embedded gcc/8.2.1-1.6-20190510-1829/bin/../lib/gcc/arm-none-eabi/8.2.1/../../../../arm-none-eabi/lib/thumb/v6-m/nofp\libstdc++_nano.a(guard.o)
                              ./src/main.o (__cxa_guard_acquire)
c:/users/koche/appdata/roaming/gnu mcu eclipse/arm embedded gcc/8.2.1-1.6-20190510-1829/bin/../lib/gcc/arm-none-eabi/8.2.1/thumb/v6-m/nofp\libgcc.a(_udivsi3.o)
                              ./src/system_stm32l0xx.o (__aeabi_uidiv)
c:/users/koche/appdata/roaming/gnu mcu eclipse/arm embedded gcc/8.2.1-1.6-20190510-1829/bin/../lib/gcc/arm-none-eabi/8.2.1/thumb/v6-m/nofp\libgcc.a(_divsi3.o)
                              ./src/system_stm32l0xx.o (__aeabi_idiv)
c:/users/koche/appdata/roaming/gnu mcu eclipse/arm embedded gcc/8.2.1-1.6-20190510-1829/bin/../lib/gcc/arm-none-eabi/8.2.1/thumb/v6-m/nofp\libgcc.a(_dvmd_tls.o)
                              c:/users/koche/appdata/roaming/gnu mcu eclipse/arm embedded gcc/8.2.1-1.6-20190510-1829/bin/../lib/gcc/arm-none-eabi/8.2.1/thumb/v6-m/nofp\libgcc.a(_udivsi3.o) (__aeabi_idiv0)
c:/users/koche/appdata/roaming/gnu mcu eclipse/arm embedded gcc/8.2.1-1.6-20190510-1829/bin/../lib/gcc/arm-none-eabi/8.2.1/../../../../arm-none-eabi/lib/thumb/v6-m/nofp\libg_nano.a(lib_a-cxa_atexit.o)
                              c:/users/koche/appdata/roaming/gnu mcu eclipse/arm embedded gcc/8.2.1-1.6-20190510-1829/bin/../lib/gcc/arm-none-eabi/8.2.1/../../../../arm-none-eabi/lib/thumb/v6-m/nofp\libstdc++_nano.a(atexit_arm.o) (__cxa_atexit)
c:/users/koche/appdata/roaming/gnu mcu eclipse/arm embedded gcc/8.2.1-1.6-20190510-1829/bin/../lib/gcc/arm-none-eabi/8.2.1/../../../../arm-none-eabi/lib/thumb/v6-m/nofp\libg_nano.a(lib_a-errno.o)
                              ./src/syscalls.o (__errno)
c:/users/koche/appdata/roaming/gnu mcu eclipse/arm embedded gcc/8.2.1-1.6-20190510-1829/bin/../lib/gcc/arm-none-eabi/8.2.1/../../../../arm-none-eabi/lib/thumb/v6-m/nofp\libg_nano.a(lib_a-exit.o)
                              c:/users/koche/appdata/roaming/gnu mcu eclipse/arm embedded gcc/8.2.1-1.6-20190510-1829/bin/../lib/gcc/arm-none-eabi/8.2.1/../../../../arm-none-eabi/lib/thumb/v6-m/nofp/crt0.o (exit)
c:/users/koche/appdata/roaming/gnu mcu eclipse/arm embedded gcc/8.2.1-1.6-20190510-1829/bin/../lib/gcc/arm-none-eabi/8.2.1/../../../../arm-none-eabi/lib/thumb/v6-m/nofp\libg_nano.a(lib_a-impure.o)
                              c:/users/koche/appdata/roaming/gnu mcu eclipse/arm embedded gcc/8.2.1-1.6-20190510-1829/bin/../lib/gcc/arm-none-eabi/8.2.1/../../../../arm-none-eabi/lib/thumb/v6-m/nofp\libg_nano.a(lib_a-exit.o) (_global_impure_ptr)
c:/users/koche/appdata/roaming/gnu mcu eclipse/arm embedded gcc/8.2.1-1.6-20190510-1829/bin/../lib/gcc/arm-none-eabi/8.2.1/../../../../arm-none-eabi/lib/thumb/v6-m/nofp\libg_nano.a(lib_a-init.o)
                              c:/users/koche/appdata/roaming/gnu mcu eclipse/arm embedded gcc/8.2.1-1.6-20190510-1829/bin/../lib/gcc/arm-none-eabi/8.2.1/../../../../arm-none-eabi/lib/thumb/v6-m/nofp/crt0.o (__libc_init_array)
c:/users/koche/appdata/roaming/gnu mcu eclipse/arm embedded gcc/8.2.1-1.6-20190510-1829/bin/../lib/gcc/arm-none-eabi/8.2.1/../../../../arm-none-eabi/lib/thumb/v6-m/nofp\libg_nano.a(lib_a-malloc.o)
                              c:/users/koche/appdata/roaming/gnu mcu eclipse/arm embedded gcc/8.2.1-1.6-20190510-1829/bin/../lib/gcc/arm-none-eabi/8.2.1/../../../../arm-none-eabi/lib/thumb/v6-m/nofp\libstdc++_nano.a(del_op.o) (free)
c:/users/koche/appdata/roaming/gnu mcu eclipse/arm embedded gcc/8.2.1-1.6-20190510-1829/bin/../lib/gcc/arm-none-eabi/8.2.1/../../../../arm-none-eabi/lib/thumb/v6-m/nofp\libg_nano.a(lib_a-memcpy-stub.o)
                              ./src/main.o (memcpy)
[...]
Memory Configuration

Name             Origin             Length             Attributes
RAM              0x0000000020000000 0x0000000000002000 xrw
FLASH            0x0000000008000000 0x0000000000010000 xr
*default*        0x0000000000000000 0xffffffffffffffff

Linker script and memory map

LOAD c:/users/koche/appdata/roaming/gnu mcu eclipse/arm embedded gcc/8.2.1-1.6-20190510-1829/bin/../lib/gcc/arm-none-eabi/8.2.1/thumb/v6-m/nofp/crti.o
LOAD c:/users/koche/appdata/roaming/gnu mcu eclipse/arm embedded gcc/8.2.1-1.6-20190510-1829/bin/../lib/gcc/arm-none-eabi/8.2.1/thumb/v6-m/nofp/crtbegin.o
LOAD c:/users/koche/appdata/roaming/gnu mcu eclipse/arm embedded gcc/8.2.1-1.6-20190510-1829/bin/../lib/gcc/arm-none-eabi/8.2.1/../../../../arm-none-eabi/lib/thumb/v6-m/nofp/crt0.o
LOAD ./system/startup_stm32l052k8tx.o
LOAD ./src/bootloader.o
LOAD ./src/cdc.o
LOAD ./src/flash_stm32l0x2_drv.o
LOAD ./src/main.o
LOAD ./src/rcc.o
LOAD ./src/retarget_bkpt.o
LOAD ./src/stm32l0xx_it.o
LOAD ./src/syscalls.o
LOAD ./src/sysmem.o
LOAD ./src/system_stm32l0xx.o
LOAD ./src/usb_desc.o
LOAD ./libusb_stm32/src/usbd_core.o
LOAD ./libusb_stm32/src/usbd_stm32f103_devfs.o
LOAD ./libusb_stm32/src/usbd_stm32f103_devfs_asm.o
LOAD ./libusb_stm32/src/usbd_stm32f105_otgfs.o
LOAD ./libusb_stm32/src/usbd_stm32f429_otgfs.o
LOAD ./libusb_stm32/src/usbd_stm32f429_otghs.o
LOAD ./libusb_stm32/src/usbd_stm32f446_otgfs.o
LOAD ./libusb_stm32/src/usbd_stm32f446_otghs.o
LOAD ./libusb_stm32/src/usbd_stm32l052_devfs.o
LOAD ./libusb_stm32/src/usbd_stm32l052_devfs_asm.o
LOAD ./libusb_stm32/src/usbd_stm32l100_devfs.o
LOAD ./libusb_stm32/src/usbd_stm32l100_devfs_asm.o
LOAD ./libusb_stm32/src/usbd_stm32l433_devfs.o
LOAD ./libusb_stm32/src/usbd_stm32l476_otgfs.o
LOAD c:/users/koche/appdata/roaming/gnu mcu eclipse/arm embedded gcc/8.2.1-1.6-20190510-1829/bin/../lib/gcc/arm-none-eabi/8.2.1/../../../../arm-none-eabi/lib/thumb/v6-m/nofp\libstdc++_nano.a
LOAD c:/users/koche/appdata/roaming/gnu mcu eclipse/arm embedded gcc/8.2.1-1.6-20190510-1829/bin/../lib/gcc/arm-none-eabi/8.2.1/../../../../arm-none-eabi/lib/thumb/v6-m/nofp\libm.a
START GROUP
LOAD c:/users/koche/appdata/roaming/gnu mcu eclipse/arm embedded gcc/8.2.1-1.6-20190510-1829/bin/../lib/gcc/arm-none-eabi/8.2.1/thumb/v6-m/nofp\libgcc.a
LOAD c:/users/koche/appdata/roaming/gnu mcu eclipse/arm embedded gcc/8.2.1-1.6-20190510-1829/bin/../lib/gcc/arm-none-eabi/8.2.1/../../../../arm-none-eabi/lib/thumb/v6-m/nofp\libg_nano.a
LOAD c:/users/koche/appdata/roaming/gnu mcu eclipse/arm embedded gcc/8.2.1-1.6-20190510-1829/bin/../lib/gcc/arm-none-eabi/8.2.1/../../../../arm-none-eabi/lib/thumb/v6-m/nofp\libc_nano.a
END GROUP
START GROUP
LOAD c:/users/koche/appdata/roaming/gnu mcu eclipse/arm embedded gcc/8.2.1-1.6-20190510-1829/bin/../lib/gcc/arm-none-eabi/8.2.1/thumb/v6-m/nofp\libgcc.a
LOAD c:/users/koche/appdata/roaming/gnu mcu eclipse/arm embedded gcc/8.2.1-1.6-20190510-1829/bin/../lib/gcc/arm-none-eabi/8.2.1/../../../../arm-none-eabi/lib/thumb/v6-m/nofp\libc_nano.a
LOAD c:/users/koche/appdata/roaming/gnu mcu eclipse/arm embedded gcc/8.2.1-1.6-20190510-1829/bin/../lib/gcc/arm-none-eabi/8.2.1/../../../../arm-none-eabi/lib/thumb/v6-m/nofp\libnosys.a
END GROUP
START GROUP
LOAD c:/users/koche/appdata/roaming/gnu mcu eclipse/arm embedded gcc/8.2.1-1.6-20190510-1829/bin/../lib/gcc/arm-none-eabi/8.2.1/thumb/v6-m/nofp\libgcc.a
LOAD c:/users/koche/appdata/roaming/gnu mcu eclipse/arm embedded gcc/8.2.1-1.6-20190510-1829/bin/../lib/gcc/arm-none-eabi/8.2.1/../../../../arm-none-eabi/lib/thumb/v6-m/nofp\libc_nano.a
LOAD c:/users/koche/appdata/roaming/gnu mcu eclipse/arm embedded gcc/8.2.1-1.6-20190510-1829/bin/../lib/gcc/arm-none-eabi/8.2.1/../../../../arm-none-eabi/lib/thumb/v6-m/nofp\libnosys.a
END GROUP
LOAD c:/users/koche/appdata/roaming/gnu mcu eclipse/arm embedded gcc/8.2.1-1.6-20190510-1829/bin/../lib/gcc/arm-none-eabi/8.2.1/thumb/v6-m/nofp/crtend.o
LOAD c:/users/koche/appdata/roaming/gnu mcu eclipse/arm embedded gcc/8.2.1-1.6-20190510-1829/bin/../lib/gcc/arm-none-eabi/8.2.1/thumb/v6-m/nofp/crtn.o
                0x0000000020002000                _estack = (ORIGIN (RAM) + LENGTH (RAM))
                0x0000000000000200                _Min_Heap_Size = 0x200
                0x0000000000000400                _Min_Stack_Size = 0x400

.isr_vector     0x0000000008000000       0xc0
                0x0000000008000000                . = ALIGN (0x4)
 *(.isr_vector)
 .isr_vector    0x0000000008000000       0xc0 ./system/startup_stm32l052k8tx.o
                0x0000000008000000                g_pfnVectors
                0x00000000080000c0                . = ALIGN (0x4)

.text           0x00000000080000c0     0x35e0
                0x00000000080000c0                . = ALIGN (0x4)
 *(.text)
 .text          0x00000000080000c0      0x114 c:/users/koche/appdata/roaming/gnu mcu eclipse/arm embedded gcc/8.2.1-1.6-20190510-1829/bin/../lib/gcc/arm-none-eabi/8.2.1/thumb/v6-m/nofp\libgcc.a(_udivsi3.o)
                0x00000000080000c0                __aeabi_uidiv
                0x00000000080000c0                __udivsi3
                0x00000000080001cc                __aeabi_uidivmod
 .text          0x00000000080001d4        0x4 c:/users/koche/appdata/roaming/gnu mcu eclipse/arm embedded gcc/8.2.1-1.6-20190510-1829/bin/../lib/gcc/arm-none-eabi/8.2.1/thumb/v6-m/nofp\libgcc.a(_dvmd_tls.o)
                0x00000000080001d4                __aeabi_idiv0
                0x00000000080001d4                __aeabi_ldiv0
 .text          0x00000000080001d8        0xe c:/users/koche/appdata/roaming/gnu mcu eclipse/arm embedded gcc/8.2.1-1.6-20190510-1829/bin/../lib/gcc/arm-none-eabi/8.2.1/../../../../arm-none-eabi/lib/thumb/v6-m/nofp\libg_nano.a(lib_a-strlen.o)
                0x00000000080001d8                strlen
 *(.text*)
 *fill*         0x00000000080001e6        0x2 
 .text.deregister_tm_clones
                0x00000000080001e8       0x20 c:/users/koche/appdata/roaming/gnu mcu eclipse/arm embedded gcc/8.2.1-1.6-20190510-1829/bin/../lib/gcc/arm-none-eabi/8.2.1/thumb/v6-m/nofp/crtbegin.o
 .text.register_tm_clones
                0x0000000008000208       0x28 c:/users/koche/appdata/roaming/gnu mcu eclipse/arm embedded gcc/8.2.1-1.6-20190510-1829/bin/../lib/gcc/arm-none-eabi/8.2.1/thumb/v6-m/nofp/crtbegin.o
 .text.__do_global_dtors_aux
                0x0000000008000230       0x2c c:/users/koche/appdata/roaming/gnu mcu eclipse/arm embedded gcc/8.2.1-1.6-20190510-1829/bin/../lib/gcc/arm-none-eabi/8.2.1/thumb/v6-m/nofp/crtbegin.o
 .text.frame_dummy
                0x000000000800025c       0x24 c:/users/koche/appdata/roaming/gnu mcu eclipse/arm embedded gcc/8.2.1-1.6-20190510-1829/bin/../lib/gcc/arm-none-eabi/8.2.1/thumb/v6-m/nofp/crtbegin.o
 .text.Reset_Handler
                0x0000000008000280       0x50 ./system/startup_stm32l052k8tx.o
                0x0000000008000280                Reset_Handler
 .text.Default_Handler
                0x00000000080002d0        0x2 ./system/startup_stm32l052k8tx.o
                0x00000000080002d0                TSC_IRQHandler
                0x00000000080002d0                ADC1_COMP_IRQHandler
                0x00000000080002d0                PVD_IRQHandler
                0x00000000080002d0                I2C1_IRQHandler
                0x00000000080002d0                RCC_CRS_IRQHandler
                0x00000000080002d0                SPI1_IRQHandler
                0x00000000080002d0                TIM6_DAC_IRQHandler
                0x00000000080002d0                EXTI2_3_IRQHandler
                0x00000000080002d0                I2C2_IRQHandler
                0x00000000080002d0                RTC_IRQHandler
                0x00000000080002d0                DMA1_Channel4_5_6_7_IRQHandler
                0x00000000080002d0                EXTI4_15_IRQHandler
                0x00000000080002d0                DMA1_Channel1_IRQHandler
                0x00000000080002d0                Default_Handler
                0x00000000080002d0                TIM22_IRQHandler
                0x00000000080002d0                EXTI0_1_IRQHandler
                0x00000000080002d0                SPI2_IRQHandler
                0x00000000080002d0                TIM21_IRQHandler
                0x00000000080002d0                WWDG_IRQHandler
                0x00000000080002d0                TIM2_IRQHandler
                0x00000000080002d0                DMA1_Channel2_3_IRQHandler
                0x00000000080002d0                USART2_IRQHandler
                0x00000000080002d0                FLASH_IRQHandler
                0x00000000080002d0                USART1_IRQHandler
                0x00000000080002d0                RNG_LPUART1_IRQHandler
                0x00000000080002d0                LPTIM1_IRQHandler
 *fill*         0x00000000080002d2        0x2 
 .text.JumpToApp
                0x00000000080002d4       0x1c ./src/bootloader.o
                0x00000000080002d4                JumpToApp
 .text.USB_IRQHandler
                0x00000000080002f0       0x10 ./src/cdc.o
                0x00000000080002f0                USB_IRQHandler
 .text.startup._GLOBAL__sub_I_usb_udev
                0x0000000008000300       0x18 ./src/cdc.o
 .text._ZN21flash_stm32l0x2_drv_cILm128ELm4EED2Ev
                0x0000000008000318        0x4 ./src/flash_stm32l0x2_drv.o
                0x0000000008000318                flash_stm32l0x2_drv_c<128ul, 4ul>::~flash_stm32l0x2_drv_c()
                0x0000000008000318                flash_stm32l0x2_drv_c<128ul, 4ul>::~flash_stm32l0x2_drv_c()
 .text._ZN21flash_stm32l0x2_drv_cILm128ELm4EE4InitEv
                0x000000000800031c       0x14 ./src/flash_stm32l0x2_drv.o
                0x000000000800031c                flash_stm32l0x2_drv_c<128ul, 4ul>::Init()
 .text._ZN21flash_stm32l0x2_drv_cILm128ELm4EE15GetBlockSizeNVMEv
                0x0000000008000330        0x4 ./src/flash_stm32l0x2_drv.o
                0x0000000008000330                flash_stm32l0x2_drv_c<128ul, 4ul>::GetBlockSizeNVM()
 .text._ZN21flash_stm32l0x2_drv_cILm128ELm4EE18GetBlockSizeEEPROMEv
                0x0000000008000334        0x4 ./src/flash_stm32l0x2_drv.o
                0x0000000008000334                flash_stm32l0x2_drv_c<128ul, 4ul>::GetBlockSizeEEPROM()
 .text._ZN21flash_stm32l0x2_drv_cILm128ELm4EE7LockNVMEv
                0x0000000008000338       0x34 ./src/flash_stm32l0x2_drv.o
                0x0000000008000338                flash_stm32l0x2_drv_c<128ul, 4ul>::LockNVM()
 .text._ZN21flash_stm32l0x2_drv_cILm128ELm4EE10LockEEPROMEv
                0x000000000800036c       0x34 ./src/flash_stm32l0x2_drv.o
                0x000000000800036c                flash_stm32l0x2_drv_c<128ul, 4ul>::LockEEPROM()
 .text._ZN21flash_stm32l0x2_drv_cILm128ELm4EE7LockOPTEv
                0x00000000080003a0       0x34 ./src/flash_stm32l0x2_drv.o
                0x00000000080003a0                flash_stm32l0x2_drv_c<128ul, 4ul>::LockOPT()
 .text._ZN21flash_stm32l0x2_drv_cILm128ELm4EE15ReadBlockEEPROMEmPmm
                0x00000000080003d4       0x24 ./src/flash_stm32l0x2_drv.o
                0x00000000080003d4                flash_stm32l0x2_drv_c<128ul, 4ul>::ReadBlockEEPROM(unsigned long, unsigned long*, unsigned long)
 .text._ZN21flash_stm32l0x2_drv_cILm128ELm4EE16WriteBlockEEPROMEmPmm
                0x00000000080003f8       0x24 ./src/flash_stm32l0x2_drv.o
                0x00000000080003f8                flash_stm32l0x2_drv_c<128ul, 4ul>::WriteBlockEEPROM(unsigned long, unsigned long*, unsigned long)
 .text._ZN21flash_stm32l0x2_drv_cILm128ELm4EE16EraseBlockEEPROMEm
                0x000000000800041c       0x20 ./src/flash_stm32l0x2_drv.o
                0x000000000800041c                flash_stm32l0x2_drv_c<128ul, 4ul>::EraseBlockEEPROM(unsigned long)
 .text._ZN21flash_stm32l0x2_drv_cILm128ELm4EED0Ev
                0x000000000800043c       0x10 ./src/flash_stm32l0x2_drv.o
                0x000000000800043c                flash_stm32l0x2_drv_c<128ul, 4ul>::~flash_stm32l0x2_drv_c()
 .text._ZN21flash_stm32l0x2_drv_cILm128ELm4EE12ReadBlockNVMEmPmm
                0x000000000800044c       0x1c ./src/flash_stm32l0x2_drv.o
                0x000000000800044c                flash_stm32l0x2_drv_c<128ul, 4ul>::ReadBlockNVM(unsigned long, unsigned long*, unsigned long)
 .text._ZN21flash_stm32l0x2_drv_cILm128ELm4EE9UnlockOPTEv
                0x0000000008000468       0x48 ./src/flash_stm32l0x2_drv.o
                0x0000000008000468                flash_stm32l0x2_drv_c<128ul, 4ul>::UnlockOPT()
 .text._ZN21flash_stm32l0x2_drv_cILm128ELm4EE12UnlockEEPROMEv
                0x00000000080004b0       0x44 ./src/flash_stm32l0x2_drv.o
                0x00000000080004b0                flash_stm32l0x2_drv_c<128ul, 4ul>::UnlockEEPROM()
 .text._ZN21flash_stm32l0x2_drv_cILm128ELm4EE9UnlockNVMEv
                0x00000000080004f4       0x48 ./src/flash_stm32l0x2_drv.o
                0x00000000080004f4                flash_stm32l0x2_drv_c<128ul, 4ul>::UnlockNVM()
 .text._ZN21flash_stm32l0x2_drv_cILm128ELm4EE13EraseBlockNVMEm
                0x000000000800053c       0x68 ./src/flash_stm32l0x2_drv.o
                0x000000000800053c                flash_stm32l0x2_drv_c<128ul, 4ul>::EraseBlockNVM(unsigned long)
 .text._ZN21flash_stm32l0x2_drv_cILm128ELm4EE13WriteBlockNVMEmPmm
                0x00000000080005a4      0x128 ./src/flash_stm32l0x2_drv.o
                0x00000000080005a4                flash_stm32l0x2_drv_c<128ul, 4ul>::WriteBlockNVM(unsigned long, unsigned long*, unsigned long)
 .text.startup._GLOBAL__sub_I_flash_stm32l0x2_drv
                0x00000000080006cc       0x64 ./src/flash_stm32l0x2_drv.o
 .text._ZN9usb_cdc_c13GetDescriptorEP11usbd_ctlreqPPvPt
                0x0000000008000730       0x44 ./src/main.o
                0x0000000008000730                usb_cdc_c::GetDescriptor(usbd_ctlreq*, void**, unsigned short*)
 .text._ZN9usb_cdc_c9SetConfigEP12_usbd_deviceh
                0x0000000008000774       0x68 ./src/main.o
                0x0000000008000774                usb_cdc_c::SetConfig(_usbd_device*, unsigned char)
 .text._ZN9usb_cdc_c14ContorlHandlerEP12_usbd_deviceP11usbd_ctlreqPPFvS1_S3_E
                0x00000000080007dc       0x4c ./src/main.o
                0x00000000080007dc                usb_cdc_c::ContorlHandler(_usbd_device*, usbd_ctlreq*, void (**)(_usbd_device*, usbd_ctlreq*))
 .text._ZN9usb_cdc_c10HandleDataEP12_usbd_devicehh
                0x0000000008000828      0x110 ./src/main.o
                0x0000000008000828                usb_cdc_c::HandleData(_usbd_device*, unsigned char, unsigned char)
 .text._ZN5rcc_c9InitClockEv
                0x0000000008000938       0x98 ./src/main.o
                0x0000000008000938                rcc_c::InitClock()
 .text._ZN5led_c4InitEv
                0x00000000080009d0      0x108 ./src/main.o
                0x00000000080009d0                led_c::Init()
 .text._ZN5led_c9SetPythonEv
                0x0000000008000ad8       0xa0 ./src/main.o
                0x0000000008000ad8                led_c::SetPython()
 .text._ZN9usb_cdc_c4InitEv
                0x0000000008000b78       0x6c ./src/main.o
                0x0000000008000b78                usb_cdc_c::Init()
 .text._ZN12bootloader_cILj128EE4InitEv
                0x0000000008000be4       0xdc ./src/main.o
                0x0000000008000be4                bootloader_c<128u>::Init()
 .text._ZN12bootloader_cILj128EE18disconnectAndResetEv
                0x0000000008000cc0       0x80 ./src/main.o
                0x0000000008000cc0                bootloader_c<128u>::disconnectAndReset()
 .text.startup.main
                0x0000000008000d40     0x1388 ./src/main.o
                0x0000000008000d40                main
 .text.SysTick_Handler
                0x00000000080020c8       0x10 ./src/rcc.o
                0x00000000080020c8                SysTick_Handler
 .text.delay_ms
                0x00000000080020d8       0x14 ./src/rcc.o
                0x00000000080020d8                delay_ms
 .text.trace_wrapper
                0x00000000080020ec        0x8 ./src/retarget_bkpt.o
                0x00000000080020ec                trace_wrapper
 .text.NMI_Handler
                0x00000000080020f4        0x4 ./src/stm32l0xx_it.o
                0x00000000080020f4                NMI_Handler
 .text.HardFault_Handler
                0x00000000080020f8        0x4 ./src/stm32l0xx_it.o
                0x00000000080020f8                HardFault_Handler
 .text.SVC_Handler
                0x00000000080020fc        0x4 ./src/stm32l0xx_it.o
                0x00000000080020fc                SVC_Handler
 .text.PendSV_Handler
                0x0000000008002100        0x4 ./src/stm32l0xx_it.o
                0x0000000008002100                PendSV_Handler
 .text.SystemInit
                0x0000000008002104       0x5c ./src/system_stm32l0xx.o
                0x0000000008002104                SystemInit
 .text.usbd_set_address
                0x0000000008002160       0x1c ./libusb_stm32/src/usbd_core.o
 .text.usbd_process_evt
                0x000000000800217c       0x64 ./libusb_stm32/src/usbd_core.o
 .text.usbd_process_eptx
                0x00000000080021e0       0x7c ./libusb_stm32/src/usbd_core.o
 .text.usbd_process_ep0
                0x000000000800225c      0x284 ./libusb_stm32/src/usbd_core.o
 .text.usbd_poll
                0x00000000080024e0       0x10 ./libusb_stm32/src/usbd_core.o
                0x00000000080024e0                usbd_poll
 .text.ep_setstall
                0x00000000080024f0       0xc8 ./libusb_stm32/src/usbd_stm32l052_devfs.o
 .text.connect  0x00000000080025b8       0x4c ./libusb_stm32/src/usbd_stm32l052_devfs.o
 .text.setaddr  0x0000000008002604       0x10 ./libusb_stm32/src/usbd_stm32l052_devfs.o
 .text.ep_deconfig
                0x0000000008002614       0x30 ./libusb_stm32/src/usbd_stm32l052_devfs.o
 .text.ep_read  0x0000000008002644      0x220 ./libusb_stm32/src/usbd_stm32l052_devfs.o
 .text.ep_write
                0x0000000008002864      0x208 ./libusb_stm32/src/usbd_stm32l052_devfs.o
 .text.get_frame
                0x0000000008002a6c       0x10 ./libusb_stm32/src/usbd_stm32l052_devfs.o
 .text.evt_poll
                0x0000000008002a7c      0x174 ./libusb_stm32/src/usbd_stm32l052_devfs.o
 .text.get_serialno_desc
                0x0000000008002bf0      0x1e0 ./libusb_stm32/src/usbd_stm32l052_devfs.o
 .text.getinfo  0x0000000008002dd0       0x28 ./libusb_stm32/src/usbd_stm32l052_devfs.o
 .text.ep_isstalled
                0x0000000008002df8       0x40 ./libusb_stm32/src/usbd_stm32l052_devfs.o
 .text.enable   0x0000000008002e38       0x54 ./libusb_stm32/src/usbd_stm32l052_devfs.o
 .text.ep_config
                0x0000000008002e8c      0x618 ./libusb_stm32/src/usbd_stm32l052_devfs.o
 .text.__aeabi_atexit
                0x00000000080034a4        0xe c:/users/koche/appdata/roaming/gnu mcu eclipse/arm embedded gcc/8.2.1-1.6-20190510-1829/bin/../lib/gcc/arm-none-eabi/8.2.1/../../../../arm-none-eabi/lib/thumb/v6-m/nofp\libstdc++_nano.a(atexit_arm.o)
                0x00000000080034a4                __aeabi_atexit
 .text._ZdlPvj  0x00000000080034b2        0x8 c:/users/koche/appdata/roaming/gnu mcu eclipse/arm embedded gcc/8.2.1-1.6-20190510-1829/bin/../lib/gcc/arm-none-eabi/8.2.1/../../../../arm-none-eabi/lib/thumb/v6-m/nofp\libstdc++_nano.a(del_ops.o)
                0x00000000080034b2                operator delete(void*, unsigned int)
 .text._ZdlPv   0x00000000080034ba        0x8 c:/users/koche/appdata/roaming/gnu mcu eclipse/arm embedded gcc/8.2.1-1.6-20190510-1829/bin/../lib/gcc/arm-none-eabi/8.2.1/../../../../arm-none-eabi/lib/thumb/v6-m/nofp\libstdc++_nano.a(del_op.o)
                0x00000000080034ba                operator delete(void*)
 .text.__cxa_guard_acquire
                0x00000000080034c2       0x1a c:/users/koche/appdata/roaming/gnu mcu eclipse/arm embedded gcc/8.2.1-1.6-20190510-1829/bin/../lib/gcc/arm-none-eabi/8.2.1/../../../../arm-none-eabi/lib/thumb/v6-m/nofp\libstdc++_nano.a(guard.o)
                0x00000000080034c2                __cxa_guard_acquire
 .text.__cxa_guard_release
                0x00000000080034dc        0x6 c:/users/koche/appdata/roaming/gnu mcu eclipse/arm embedded gcc/8.2.1-1.6-20190510-1829/bin/../lib/gcc/arm-none-eabi/8.2.1/../../../../arm-none-eabi/lib/thumb/v6-m/nofp\libstdc++_nano.a(guard.o)
                0x00000000080034dc                __cxa_guard_release
 *fill*         0x00000000080034e2        0x2 
 .text.__cxa_atexit
                0x00000000080034e4       0x1c c:/users/koche/appdata/roaming/gnu mcu eclipse/arm embedded gcc/8.2.1-1.6-20190510-1829/bin/../lib/gcc/arm-none-eabi/8.2.1/../../../../arm-none-eabi/lib/thumb/v6-m/nofp\libg_nano.a(lib_a-cxa_atexit.o)
                0x00000000080034e4                __cxa_atexit
 .text.__libc_init_array
                0x0000000008003500       0x48 c:/users/koche/appdata/roaming/gnu mcu eclipse/arm embedded gcc/8.2.1-1.6-20190510-1829/bin/../lib/gcc/arm-none-eabi/8.2.1/../../../../arm-none-eabi/lib/thumb/v6-m/nofp\libg_nano.a(lib_a-init.o)
                0x0000000008003500                __libc_init_array
 .text.free     0x0000000008003548       0x14 c:/users/koche/appdata/roaming/gnu mcu eclipse/arm embedded gcc/8.2.1-1.6-20190510-1829/bin/../lib/gcc/arm-none-eabi/8.2.1/../../../../arm-none-eabi/lib/thumb/v6-m/nofp\libg_nano.a(lib_a-malloc.o)
                0x0000000008003548                free
 .text.memcpy   0x000000000800355c       0x12 c:/users/koche/appdata/roaming/gnu mcu eclipse/arm embedded gcc/8.2.1-1.6-20190510-1829/bin/../lib/gcc/arm-none-eabi/8.2.1/../../../../arm-none-eabi/lib/thumb/v6-m/nofp\libg_nano.a(lib_a-memcpy-stub.o)
                0x000000000800355c                memcpy
 .text.memset   0x000000000800356e       0x10 c:/users/koche/appdata/roaming/gnu mcu eclipse/arm embedded gcc/8.2.1-1.6-20190510-1829/bin/../lib/gcc/arm-none-eabi/8.2.1/../../../../arm-none-eabi/lib/thumb/v6-m/nofp\libg_nano.a(lib_a-memset.o)
                0x000000000800356e                memset
 *fill*         0x000000000800357e        0x2 
 .text._free_r  0x0000000008003580       0x94 c:/users/koche/appdata/roaming/gnu mcu eclipse/arm embedded gcc/8.2.1-1.6-20190510-1829/bin/../lib/gcc/arm-none-eabi/8.2.1/../../../../arm-none-eabi/lib/thumb/v6-m/nofp\libg_nano.a(lib_a-nano-freer.o)
                0x0000000008003580                _free_r
 .text.strstr   0x0000000008003614       0x2c c:/users/koche/appdata/roaming/gnu mcu eclipse/arm embedded gcc/8.2.1-1.6-20190510-1829/bin/../lib/gcc/arm-none-eabi/8.2.1/../../../../arm-none-eabi/lib/thumb/v6-m/nofp\libg_nano.a(lib_a-strstr.o)
                0x0000000008003614                strstr
 .text.__malloc_lock
                0x0000000008003640       0x10 c:/users/koche/appdata/roaming/gnu mcu eclipse/arm embedded gcc/8.2.1-1.6-20190510-1829/bin/../lib/gcc/arm-none-eabi/8.2.1/../../../../arm-none-eabi/lib/thumb/v6-m/nofp\libg_nano.a(lib_a-mlock.o)
                0x0000000008003640                __malloc_lock
 .text.__malloc_unlock
                0x0000000008003650       0x10 c:/users/koche/appdata/roaming/gnu mcu eclipse/arm embedded gcc/8.2.1-1.6-20190510-1829/bin/../lib/gcc/arm-none-eabi/8.2.1/../../../../arm-none-eabi/lib/thumb/v6-m/nofp\libg_nano.a(lib_a-mlock.o)
                0x0000000008003650                __malloc_unlock
 .text.__retarget_lock_acquire_recursive
                0x0000000008003660        0x2 c:/users/koche/appdata/roaming/gnu mcu eclipse/arm embedded gcc/8.2.1-1.6-20190510-1829/bin/../lib/gcc/arm-none-eabi/8.2.1/../../../../arm-none-eabi/lib/thumb/v6-m/nofp\libg_nano.a(lib_a-lock.o)
                0x0000000008003660                __retarget_lock_acquire_recursive
 .text.__retarget_lock_release_recursive
                0x0000000008003662        0x2 c:/users/koche/appdata/roaming/gnu mcu eclipse/arm embedded gcc/8.2.1-1.6-20190510-1829/bin/../lib/gcc/arm-none-eabi/8.2.1/../../../../arm-none-eabi/lib/thumb/v6-m/nofp\libg_nano.a(lib_a-lock.o)
                0x0000000008003662                __retarget_lock_release_recursive
 *(.glue_7)
 .glue_7        0x0000000008003664        0x0 linker stubs
 *(.glue_7t)
 .glue_7t       0x0000000008003664        0x0 linker stubs
 *(.eh_frame)
 .eh_frame      0x0000000008003664        0x0 c:/users/koche/appdata/roaming/gnu mcu eclipse/arm embedded gcc/8.2.1-1.6-20190510-1829/bin/../lib/gcc/arm-none-eabi/8.2.1/thumb/v6-m/nofp/crtbegin.o
 *(.init)
 .init          0x0000000008003664        0x4 c:/users/koche/appdata/roaming/gnu mcu eclipse/arm embedded gcc/8.2.1-1.6-20190510-1829/bin/../lib/gcc/arm-none-eabi/8.2.1/thumb/v6-m/nofp/crti.o
                0x0000000008003664                _init
 .init          0x0000000008003668        0x8 c:/users/koche/appdata/roaming/gnu mcu eclipse/arm embedded gcc/8.2.1-1.6-20190510-1829/bin/../lib/gcc/arm-none-eabi/8.2.1/thumb/v6-m/nofp/crtn.o
 *(.fini)
 .fini          0x0000000008003670        0x4 c:/users/koche/appdata/roaming/gnu mcu eclipse/arm embedded gcc/8.2.1-1.6-20190510-1829/bin/../lib/gcc/arm-none-eabi/8.2.1/thumb/v6-m/nofp/crti.o
                0x0000000008003670                _fini
 .fini          0x0000000008003674        0x8 c:/users/koche/appdata/roaming/gnu mcu eclipse/arm embedded gcc/8.2.1-1.6-20190510-1829/bin/../lib/gcc/arm-none-eabi/8.2.1/thumb/v6-m/nofp/crtn.o
 *fill*         0x000000000800367c        0x4 
 .fini.__stub   0x0000000008003680       0x20 linker stubs
                0x00000000080036a0                . = ALIGN (0x4)
                0x00000000080036a0                _etext = .

.vfp11_veneer   0x00000000080036a0        0x0
 .vfp11_veneer  0x00000000080036a0        0x0 linker stubs

.v4_bx          0x00000000080036a0        0x0
 .v4_bx         0x00000000080036a0        0x0 linker stubs

.iplt           0x00000000080036a0        0x0
 .iplt          0x00000000080036a0        0x0 c:/users/koche/appdata/roaming/gnu mcu eclipse/arm embedded gcc/8.2.1-1.6-20190510-1829/bin/../lib/gcc/arm-none-eabi/8.2.1/thumb/v6-m/nofp/crtbegin.o

.rodata         0x00000000080036a0      0x6d8
                0x00000000080036a0                . = ALIGN (0x4)
 *(.rodata)
 .rodata        0x00000000080036a0        0x1 ./src/flash_stm32l0x2_drv.o
 *(.rodata*)
 *fill*         0x00000000080036a1        0x3 
 .rodata._ZTV21flash_stm32l0x2_drv_cILm128ELm4EE
                0x00000000080036a4       0x4c ./src/flash_stm32l0x2_drv.o
                0x00000000080036a4                vtable for flash_stm32l0x2_drv_c<128ul, 4ul>
 .rodata.main   0x00000000080036f0       0x18 ./src/main.o
 .rodata._ZN12bootloader_cILj128EE6PREFIXE
                0x0000000008003708        0x7 ./src/main.o
                0x0000000008003708                bootloader_c<128u>::PREFIX
 *fill*         0x000000000800370f        0x1 
 .rodata._ZL11config_desc
                0x0000000008003710       0x4b ./src/main.o
 *fill*         0x000000000800375b        0x1 
 .rodata._ZL11device_desc
                0x000000000800375c       0x12 ./src/main.o
 *fill*         0x000000000800376e        0x2 
 .rodata._ZN12bootloader_cILj128EE4InitEv.str1.4
                0x0000000008003770       0x5a ./src/main.o
 *fill*         0x00000000080037ca        0x2 
 .rodata._ZZN12bootloader_cILj128EE10parseChunkEPcmE12__FUNCTION__
                0x00000000080037cc        0xb ./src/main.o
 *fill*         0x00000000080037d7        0x1 
 .rodata._ZZN12bootloader_cILj128EE11ProcessNextEPcmE12__FUNCTION__
                0x00000000080037d8        0xc ./src/main.o
 .rodata._ZZN12bootloader_cILj128EE11parseParamsEPcmE12__FUNCTION__
                0x00000000080037e4        0xc ./src/main.o
 .rodata._ZZN12bootloader_cILj128EE12calculateCRCEvE12__FUNCTION__
                0x00000000080037f0        0xd ./src/main.o
 *fill*         0x00000000080037fd        0x3 
 .rodata._ZZN12bootloader_cILj128EE13validateChunkEvE12__FUNCTION__
                0x0000000008003800        0xe ./src/main.o
 *fill*         0x000000000800380e        0x2 
 .rodata._ZZN12bootloader_cILj128EE14validateParamsEvE12__FUNCTION__
                0x0000000008003810        0xf ./src/main.o
 *fill*         0x000000000800381f        0x1 
 .rodata._ZZN12bootloader_cILj128EE4InitEvE12__FUNCTION__
                0x0000000008003820        0x5 ./src/main.o
 *fill*         0x0000000008003825        0x3 
 .rodata.main.str1.4
                0x0000000008003828      0x36f ./src/main.o
 *fill*         0x0000000008003b97        0x1 
 .rodata.str1.4
                0x0000000008003b98      0x134 ./src/main.o
 .rodata.dtable
                0x0000000008003ccc        0xc ./src/usb_desc.o
                0x0000000008003ccc                dtable
 .rodata.lang_desc
                0x0000000008003cd8        0x4 ./src/usb_desc.o
 .rodata.manuf_desc_en
                0x0000000008003cdc       0x16 ./src/usb_desc.o
 *fill*         0x0000000008003cf2        0x2 
 .rodata.prod_desc_en
                0x0000000008003cf4       0x26 ./src/usb_desc.o
 *fill*         0x0000000008003d1a        0x2 
 .rodata.usbd_process_ep0
                0x0000000008003d1c       0x28 ./libusb_stm32/src/usbd_core.o
 .rodata.usbd_devfs
                0x0000000008003d44       0x34 ./libusb_stm32/src/usbd_stm32l052_devfs.o
                0x0000000008003d44                usbd_devfs
                0x0000000008003d78                . = ALIGN (0x4)

.rel.dyn        0x0000000008003d78        0x0
 .rel.iplt      0x0000000008003d78        0x0 c:/users/koche/appdata/roaming/gnu mcu eclipse/arm embedded gcc/8.2.1-1.6-20190510-1829/bin/../lib/gcc/arm-none-eabi/8.2.1/thumb/v6-m/nofp/crtbegin.o

.ARM.extab      0x0000000008003d78        0x0
                0x0000000008003d78                . = ALIGN (0x4)
 *(.ARM.extab* .gnu.linkonce.armextab.*)
                0x0000000008003d78                . = ALIGN (0x4)

.ARM            0x0000000008003d78        0x0
                0x0000000008003d78                . = ALIGN (0x4)
                0x0000000008003d78                __exidx_start = .
 *(.ARM.exidx*)
                0x0000000008003d78                __exidx_end = .
                0x0000000008003d78                . = ALIGN (0x4)

.preinit_array  0x0000000008003d78        0x0
                0x0000000008003d78                . = ALIGN (0x4)
                0x0000000008003d78                PROVIDE (__preinit_array_start = .)
 *(.preinit_array*)
                0x0000000008003d78                PROVIDE (__preinit_array_end = .)
                0x0000000008003d78                . = ALIGN (0x4)

.init_array     0x0000000008003d78        0xc
                0x0000000008003d78                . = ALIGN (0x4)
                0x0000000008003d78                PROVIDE (__init_array_start = .)
 *(SORT_BY_NAME(.init_array.*))
 *(.init_array*)
 .init_array    0x0000000008003d78        0x4 c:/users/koche/appdata/roaming/gnu mcu eclipse/arm embedded gcc/8.2.1-1.6-20190510-1829/bin/../lib/gcc/arm-none-eabi/8.2.1/thumb/v6-m/nofp/crtbegin.o
 .init_array    0x0000000008003d7c        0x4 ./src/cdc.o
 .init_array    0x0000000008003d80        0x4 ./src/flash_stm32l0x2_drv.o
                0x0000000008003d84                PROVIDE (__init_array_end = .)
                0x0000000008003d84                . = ALIGN (0x4)

.fini_array     0x0000000008003d84        0x4
                0x0000000008003d84                . = ALIGN (0x4)
                [!provide]                        PROVIDE (__fini_array_start = .)
 *(SORT_BY_NAME(.fini_array.*))
 *(.fini_array*)
 .fini_array    0x0000000008003d84        0x4 c:/users/koche/appdata/roaming/gnu mcu eclipse/arm embedded gcc/8.2.1-1.6-20190510-1829/bin/../lib/gcc/arm-none-eabi/8.2.1/thumb/v6-m/nofp/crtbegin.o
                [!provide]                        PROVIDE (__fini_array_end = .)
                0x0000000008003d88                . = ALIGN (0x4)
                0x0000000008003d88                _sidata = LOADADDR (.data)

.data           0x0000000020000000      0x158 load address 0x0000000008003d88
                0x0000000020000000                . = ALIGN (0x4)
                0x0000000020000000                _sdata = .
 *(.data)
 *(.data*)
 .data.__dso_handle
                0x0000000020000000        0x4 c:/users/koche/appdata/roaming/gnu mcu eclipse/arm embedded gcc/8.2.1-1.6-20190510-1829/bin/../lib/gcc/arm-none-eabi/8.2.1/thumb/v6-m/nofp/crtbegin.o
                0x0000000020000000                __dso_handle
 .data._ZN12bootloader_cILj128EE17btldr_respond_msgE
                0x0000000020000004       0x34 ./src/main.o
                0x0000000020000004                bootloader_c<128u>::btldr_respond_msg
 .data._ZN12bootloader_cILj128EE13btldr_cmd_msgE
                0x0000000020000038        0xc ./src/main.o
                0x0000000020000038                bootloader_c<128u>::btldr_cmd_msg
 .data._ZL8cdc_line
                0x0000000020000044        0x7 ./src/main.o
 *fill*         0x000000002000004b        0x1 
 .data._impure_ptr
                0x000000002000004c        0x4 c:/users/koche/appdata/roaming/gnu mcu eclipse/arm embedded gcc/8.2.1-1.6-20190510-1829/bin/../lib/gcc/arm-none-eabi/8.2.1/../../../../arm-none-eabi/lib/thumb/v6-m/nofp\libg_nano.a(lib_a-impure.o)
                0x000000002000004c                _impure_ptr
 .data.impure_data
                0x0000000020000050       0x60 c:/users/koche/appdata/roaming/gnu mcu eclipse/arm embedded gcc/8.2.1-1.6-20190510-1829/bin/../lib/gcc/arm-none-eabi/8.2.1/../../../../arm-none-eabi/lib/thumb/v6-m/nofp\libg_nano.a(lib_a-impure.o)
 *(.RamFunc)
 .RamFunc       0x00000000200000b0       0xa8 ./src/flash_stm32l0x2_drv.o
                0x00000000200000b0                __waitLastOperation
                0x00000000200000cc                __writeFlashHalfPage
                0x0000000020000158                . = ALIGN (0x4)
                0x0000000020000158                _edata = .

.tm_clone_table
                0x0000000020000158        0x0 load address 0x0000000008003ee0
 .tm_clone_table
                0x0000000020000158        0x0 c:/users/koche/appdata/roaming/gnu mcu eclipse/arm embedded gcc/8.2.1-1.6-20190510-1829/bin/../lib/gcc/arm-none-eabi/8.2.1/thumb/v6-m/nofp/crtbegin.o
 .tm_clone_table
                0x0000000020000158        0x0 c:/users/koche/appdata/roaming/gnu mcu eclipse/arm embedded gcc/8.2.1-1.6-20190510-1829/bin/../lib/gcc/arm-none-eabi/8.2.1/thumb/v6-m/nofp/crtend.o

.igot.plt       0x0000000020000158        0x0 load address 0x0000000008003ee0
 .igot.plt      0x0000000020000158        0x0 c:/users/koche/appdata/roaming/gnu mcu eclipse/arm embedded gcc/8.2.1-1.6-20190510-1829/bin/../lib/gcc/arm-none-eabi/8.2.1/thumb/v6-m/nofp/crtbegin.o
                0x0000000020000158                . = ALIGN (0x4)

.bss            0x0000000020000158      0x718 load address 0x0000000008003ee0
                0x0000000020000158                _sbss = .
                0x0000000020000158                __bss_start__ = _sbss
 *(.bss)
 *(.bss*)
 .bss.completed.6707
                0x0000000020000158        0x1 c:/users/koche/appdata/roaming/gnu mcu eclipse/arm embedded gcc/8.2.1-1.6-20190510-1829/bin/../lib/gcc/arm-none-eabi/8.2.1/thumb/v6-m/nofp/crtbegin.o
 *fill*         0x0000000020000159        0x3 
 .bss.object.6712
                0x000000002000015c       0x18 c:/users/koche/appdata/roaming/gnu mcu eclipse/arm embedded gcc/8.2.1-1.6-20190510-1829/bin/../lib/gcc/arm-none-eabi/8.2.1/thumb/v6-m/nofp/crtbegin.o
 .bss.rxbuf     0x0000000020000174      0x208 ./src/cdc.o
                0x0000000020000174                rxbuf
 .bss.txbuf     0x000000002000037c      0x208 ./src/cdc.o
                0x000000002000037c                txbuf
 .bss.usb_ubuf  0x0000000020000584       0x80 ./src/cdc.o
                0x0000000020000584                usb_ubuf
 .bss.usb_udev  0x0000000020000604       0x64 ./src/cdc.o
                0x0000000020000604                usb_udev
 .bss.flash_stm32l0x2_drv
                0x0000000020000668       0x24 ./src/flash_stm32l0x2_drv.o
                0x0000000020000668                flash_stm32l0x2_drv
 .bss._ZN12bootloader_cILj128EE7fwblockE
                0x000000002000068c       0x8c ./src/main.o
                0x000000002000068c                bootloader_c<128u>::fwblock
 .bss._ZN12bootloader_cILj128EE6paramsE
                0x0000000020000718       0x19 ./src/main.o
                0x0000000020000718                bootloader_c<128u>::params
 *fill*         0x0000000020000731        0x3 
 .bss._ZZN12bootloader_cILj128EE10parseChunkEPcmE6remain
                0x0000000020000734        0x4 ./src/main.o
                0x0000000020000734                bootloader_c<128u>::parseChunk(char*, unsigned long)::remain
 .bss._ZZN12bootloader_cILj128EE10parseChunkEPcmE5state
                0x0000000020000738        0x1 ./src/main.o
                0x0000000020000738                bootloader_c<128u>::parseChunk(char*, unsigned long)::state
 *fill*         0x0000000020000739        0x3 
 .bss._ZZN12bootloader_cILj128EE11parseParamsEPcmE6remain
                0x000000002000073c        0x4 ./src/main.o
                0x000000002000073c                bootloader_c<128u>::parseParams(char*, unsigned long)::remain
 .bss._ZZN12bootloader_cILj128EE11parseParamsEPcmE5state
                0x0000000020000740        0x1 ./src/main.o
                0x0000000020000740                bootloader_c<128u>::parseParams(char*, unsigned long)::state
 *fill*         0x0000000020000741        0x3 
 .bss._ZGVZN12bootloader_cILj128EE11ProcessNextEPcmE1t
                0x0000000020000744        0x4 ./src/main.o
                0x0000000020000744                guard variable for bootloader_c<128u>::ProcessNext(char*, unsigned long)::t
 .bss._ZZN12bootloader_cILj128EE11ProcessNextEPcmE1t
                0x0000000020000748        0xc ./src/main.o
                0x0000000020000748                bootloader_c<128u>::ProcessNext(char*, unsigned long)::t
 .bss._ZZN12bootloader_cILj128EE11ProcessNextEPcmE5state
                0x0000000020000754        0x1 ./src/main.o
                0x0000000020000754                bootloader_c<128u>::ProcessNext(char*, unsigned long)::state
 *fill*         0x0000000020000755        0x3 
 .bss._ZZN12bootloader_cILj128EE11ProcessNextEPcmE5chptr
                0x0000000020000758        0x4 ./src/main.o
                0x0000000020000758                bootloader_c<128u>::ProcessNext(char*, unsigned long)::chptr
 .bss._ZZN9usb_cdc_c7FlushTxEvE6tmpbuf
                0x000000002000075c       0x40 ./src/main.o
                0x000000002000075c                usb_cdc_c::FlushTx()::tmpbuf
 .bss._ZZN9usb_cdc_c10HandleReadEP12_usbd_devicehhE6tmpbuf
                0x000000002000079c       0x40 ./src/main.o
                0x000000002000079c                usb_cdc_c::HandleRead(_usbd_device*, unsigned char, unsigned char)::tmpbuf
 .bss._ZZN9usb_cdc_c11HandleWriteEP12_usbd_devicehhE6tmpbuf
                0x00000000200007dc       0x40 ./src/main.o
                0x00000000200007dc                usb_cdc_c::HandleWrite(_usbd_device*, unsigned char, unsigned char)::tmpbuf
 .bss._ZL6buffer
                0x000000002000081c       0x40 ./src/main.o
 .bss.SYS_TICK  0x000000002000085c        0x4 ./src/rcc.o
                0x000000002000085c                SYS_TICK
 .bss.__malloc_free_list
                0x0000000020000860        0x4 c:/users/koche/appdata/roaming/gnu mcu eclipse/arm embedded gcc/8.2.1-1.6-20190510-1829/bin/../lib/gcc/arm-none-eabi/8.2.1/../../../../arm-none-eabi/lib/thumb/v6-m/nofp\libg_nano.a(lib_a-nano-mallocr.o)
                0x0000000020000860                __malloc_free_list
 *(COMMON)
 COMMON         0x0000000020000864        0x9 c:/users/koche/appdata/roaming/gnu mcu eclipse/arm embedded gcc/8.2.1-1.6-20190510-1829/bin/../lib/gcc/arm-none-eabi/8.2.1/../../../../arm-none-eabi/lib/thumb/v6-m/nofp\libg_nano.a(lib_a-lock.o)
                0x0000000020000864                __lock___atexit_recursive_mutex
                0x0000000020000865                __lock___arc4random_mutex
                0x0000000020000866                __lock___env_recursive_mutex
                0x0000000020000867                __lock___sinit_recursive_mutex
                0x0000000020000868                __lock___malloc_recursive_mutex
                0x0000000020000869                __lock___at_quick_exit_mutex
                0x000000002000086a                __lock___dd_hash_mutex
                0x000000002000086b                __lock___tz_mutex
                0x000000002000086c                __lock___sfp_recursive_mutex
                0x0000000020000870                . = ALIGN (0x4)
 *fill*         0x000000002000086d        0x3 
                0x0000000020000870                _ebss = .
                0x0000000020000870                __bss_end__ = _ebss

._user_heap_stack
                0x0000000020000870      0x600 load address 0x0000000008003ee0
                0x0000000020000870                . = ALIGN (0x8)
                [!provide]                        PROVIDE (end = .)
                0x0000000020000870                PROVIDE (_end = .)
                0x0000000020000a70                . = (. + _Min_Heap_Size)
 *fill*         0x0000000020000870      0x200 
                0x0000000020000e70                . = (. + _Min_Stack_Size)
 *fill*         0x0000000020000a70      0x400 
                0x0000000020000e70                . = ALIGN (0x8)

/DISCARD/
 libc.a(*)
 libm.a(*)
 libgcc.a(*)

.ARM.attributes
                0x0000000000000000       0x28
 *(.ARM.attributes)
 .ARM.attributes
                0x0000000000000000       0x1e c:/users/koche/appdata/roaming/gnu mcu eclipse/arm embedded gcc/8.2.1-1.6-20190510-1829/bin/../lib/gcc/arm-none-eabi/8.2.1/thumb/v6-m/nofp/crti.o
 .ARM.attributes
                0x000000000000001e       0x2c c:/users/koche/appdata/roaming/gnu mcu eclipse/arm embedded gcc/8.2.1-1.6-20190510-1829/bin/../lib/gcc/arm-none-eabi/8.2.1/thumb/v6-m/nofp/crtbegin.o
 .ARM.attributes
                0x000000000000004a       0x22 ./system/startup_stm32l052k8tx.o
 .ARM.attributes
                0x000000000000006c       0x2c ./src/bootloader.o
 .ARM.attributes
                0x0000000000000098       0x2c ./src/cdc.o
 .ARM.attributes
                0x00000000000000c4       0x2c ./src/flash_stm32l0x2_drv.o
 .ARM.attributes
                0x00000000000000f0       0x2c ./src/main.o
 .ARM.attributes
                0x000000000000011c       0x2c ./src/rcc.o
 .ARM.attributes
                0x0000000000000148       0x2c ./src/retarget_bkpt.o
 .ARM.attributes
                0x0000000000000174       0x2c ./src/stm32l0xx_it.o
 .ARM.attributes
                0x00000000000001a0       0x2c ./src/system_stm32l0xx.o
 .ARM.attributes
                0x00000000000001cc       0x32 ./src/usb_desc.o
 .ARM.attributes
                0x00000000000001fe       0x2c ./libusb_stm32/src/usbd_core.o
 .ARM.attributes
                0x000000000000022a       0x2c ./libusb_stm32/src/usbd_stm32l052_devfs.o
 .ARM.attributes
                0x0000000000000256       0x2c c:/users/koche/appdata/roaming/gnu mcu eclipse/arm embedded gcc/8.2.1-1.6-20190510-1829/bin/../lib/gcc/arm-none-eabi/8.2.1/../../../../arm-none-eabi/lib/thumb/v6-m/nofp\libstdc++_nano.a(atexit_arm.o)
 .ARM.attributes
                0x0000000000000282       0x2c c:/users/koche/appdata/roaming/gnu mcu eclipse/arm embedded gcc/8.2.1-1.6-20190510-1829/bin/../lib/gcc/arm-none-eabi/8.2.1/../../../../arm-none-eabi/lib/thumb/v6-m/nofp\libstdc++_nano.a(del_ops.o)
 .ARM.attributes
                0x00000000000002ae       0x2c c:/users/koche/appdata/roaming/gnu mcu eclipse/arm embedded gcc/8.2.1-1.6-20190510-1829/bin/../lib/gcc/arm-none-eabi/8.2.1/../../../../arm-none-eabi/lib/thumb/v6-m/nofp\libstdc++_nano.a(del_op.o)
 .ARM.attributes
                0x00000000000002da       0x2c c:/users/koche/appdata/roaming/gnu mcu eclipse/arm embedded gcc/8.2.1-1.6-20190510-1829/bin/../lib/gcc/arm-none-eabi/8.2.1/../../../../arm-none-eabi/lib/thumb/v6-m/nofp\libstdc++_nano.a(guard.o)
 .ARM.attributes
                0x0000000000000306       0x1e c:/users/koche/appdata/roaming/gnu mcu eclipse/arm embedded gcc/8.2.1-1.6-20190510-1829/bin/../lib/gcc/arm-none-eabi/8.2.1/thumb/v6-m/nofp\libgcc.a(_udivsi3.o)
 .ARM.attributes
                0x0000000000000324       0x1e c:/users/koche/appdata/roaming/gnu mcu eclipse/arm embedded gcc/8.2.1-1.6-20190510-1829/bin/../lib/gcc/arm-none-eabi/8.2.1/thumb/v6-m/nofp\libgcc.a(_dvmd_tls.o)
 .ARM.attributes
                0x0000000000000342       0x2c c:/users/koche/appdata/roaming/gnu mcu eclipse/arm embedded gcc/8.2.1-1.6-20190510-1829/bin/../lib/gcc/arm-none-eabi/8.2.1/../../../../arm-none-eabi/lib/thumb/v6-m/nofp\libg_nano.a(lib_a-cxa_atexit.o)
 .ARM.attributes
                0x000000000000036e       0x2c c:/users/koche/appdata/roaming/gnu mcu eclipse/arm embedded gcc/8.2.1-1.6-20190510-1829/bin/../lib/gcc/arm-none-eabi/8.2.1/../../../../arm-none-eabi/lib/thumb/v6-m/nofp\libg_nano.a(lib_a-impure.o)
 .ARM.attributes
                0x000000000000039a       0x2c c:/users/koche/appdata/roaming/gnu mcu eclipse/arm embedded gcc/8.2.1-1.6-20190510-1829/bin/../lib/gcc/arm-none-eabi/8.2.1/../../../../arm-none-eabi/lib/thumb/v6-m/nofp\libg_nano.a(lib_a-init.o)
 .ARM.attributes
                0x00000000000003c6       0x2c c:/users/koche/appdata/roaming/gnu mcu eclipse/arm embedded gcc/8.2.1-1.6-20190510-1829/bin/../lib/gcc/arm-none-eabi/8.2.1/../../../../arm-none-eabi/lib/thumb/v6-m/nofp\libg_nano.a(lib_a-malloc.o)
 .ARM.attributes
                0x00000000000003f2       0x2c c:/users/koche/appdata/roaming/gnu mcu eclipse/arm embedded gcc/8.2.1-1.6-20190510-1829/bin/../lib/gcc/arm-none-eabi/8.2.1/../../../../arm-none-eabi/lib/thumb/v6-m/nofp\libg_nano.a(lib_a-memcpy-stub.o)
 .ARM.attributes
                0x000000000000041e       0x2c c:/users/koche/appdata/roaming/gnu mcu eclipse/arm embedded gcc/8.2.1-1.6-20190510-1829/bin/../lib/gcc/arm-none-eabi/8.2.1/../../../../arm-none-eabi/lib/thumb/v6-m/nofp\libg_nano.a(lib_a-memset.o)
 .ARM.attributes
                0x000000000000044a       0x2c c:/users/koche/appdata/roaming/gnu mcu eclipse/arm embedded gcc/8.2.1-1.6-20190510-1829/bin/../lib/gcc/arm-none-eabi/8.2.1/../../../../arm-none-eabi/lib/thumb/v6-m/nofp\libg_nano.a(lib_a-nano-freer.o)
 .ARM.attributes
                0x0000000000000476       0x2c c:/users/koche/appdata/roaming/gnu mcu eclipse/arm embedded gcc/8.2.1-1.6-20190510-1829/bin/../lib/gcc/arm-none-eabi/8.2.1/../../../../arm-none-eabi/lib/thumb/v6-m/nofp\libg_nano.a(lib_a-nano-mallocr.o)
 .ARM.attributes
                0x00000000000004a2       0x1c c:/users/koche/appdata/roaming/gnu mcu eclipse/arm embedded gcc/8.2.1-1.6-20190510-1829/bin/../lib/gcc/arm-none-eabi/8.2.1/../../../../arm-none-eabi/lib/thumb/v6-m/nofp\libg_nano.a(lib_a-strlen.o)
 .ARM.attributes
                0x00000000000004be       0x2c c:/users/koche/appdata/roaming/gnu mcu eclipse/arm embedded gcc/8.2.1-1.6-20190510-1829/bin/../lib/gcc/arm-none-eabi/8.2.1/../../../../arm-none-eabi/lib/thumb/v6-m/nofp\libg_nano.a(lib_a-strstr.o)
 .ARM.attributes
                0x00000000000004ea       0x2c c:/users/koche/appdata/roaming/gnu mcu eclipse/arm embedded gcc/8.2.1-1.6-20190510-1829/bin/../lib/gcc/arm-none-eabi/8.2.1/../../../../arm-none-eabi/lib/thumb/v6-m/nofp\libg_nano.a(lib_a-mlock.o)
 .ARM.attributes
                0x0000000000000516       0x2c c:/users/koche/appdata/roaming/gnu mcu eclipse/arm embedded gcc/8.2.1-1.6-20190510-1829/bin/../lib/gcc/arm-none-eabi/8.2.1/../../../../arm-none-eabi/lib/thumb/v6-m/nofp\libg_nano.a(lib_a-lock.o)
 .ARM.attributes
                0x0000000000000542       0x2c c:/users/koche/appdata/roaming/gnu mcu eclipse/arm embedded gcc/8.2.1-1.6-20190510-1829/bin/../lib/gcc/arm-none-eabi/8.2.1/thumb/v6-m/nofp/crtend.o
 .ARM.attributes
                0x000000000000056e       0x1e c:/users/koche/appdata/roaming/gnu mcu eclipse/arm embedded gcc/8.2.1-1.6-20190510-1829/bin/../lib/gcc/arm-none-eabi/8.2.1/thumb/v6-m/nofp/crtn.o
OUTPUT(b4com_cdc_bootldr.elf elf32-littlearm)

.debug_line     0x0000000000000000     0x8ca5
 .debug_line    0x0000000000000000       0x84 ./system/startup_stm32l052k8tx.o
 .debug_line    0x0000000000000084      0x8a2 ./src/bootloader.o
 .debug_line    0x0000000000000926      0x854 ./src/cdc.o
 .debug_line    0x000000000000117a     0x1048 ./src/flash_stm32l0x2_drv.o
 .debug_line    0x00000000000021c2     0x3698 ./src/main.o
 .debug_line    0x000000000000585a      0x415 ./src/rcc.o
 .debug_line    0x0000000000005c6f      0x414 ./src/retarget_bkpt.o
 .debug_line    0x0000000000006083       0xa0 ./src/stm32l0xx_it.o
 .debug_line    0x0000000000006123      0x4c3 ./src/system_stm32l0xx.o
 .debug_line    0x00000000000065e6      0x4b1 ./src/usb_desc.o
 .debug_line    0x0000000000006a97      0x7f5 ./libusb_stm32/src/usbd_core.o
 .debug_line    0x000000000000728c     0x1a19 ./libusb_stm32/src/usbd_stm32l052_devfs.o

.debug_info     0x0000000000000000    0x3cd41
 .debug_info    0x0000000000000000       0x22 ./system/startup_stm32l052k8tx.o
 .debug_info    0x0000000000000022     0xf002 ./src/bootloader.o
 .debug_info    0x000000000000f024     0xf142 ./src/cdc.o
 .debug_info    0x000000000001e166     0x23be ./src/flash_stm32l0x2_drv.o
 .debug_info    0x0000000000020524    0x17f53 ./src/main.o
 .debug_info    0x0000000000038477      0x20e ./src/rcc.o
 .debug_info    0x0000000000038685      0x983 ./src/retarget_bkpt.o
 .debug_info    0x0000000000039008       0x64 ./src/stm32l0xx_it.o
 .debug_info    0x000000000003906c      0x3cb ./src/system_stm32l0xx.o
 .debug_info    0x0000000000039437      0xfa8 ./src/usb_desc.o
 .debug_info    0x000000000003a3df      0xea8 ./libusb_stm32/src/usbd_core.o
 .debug_info    0x000000000003b287     0x1aba ./libusb_stm32/src/usbd_stm32l052_devfs.o

.debug_abbrev   0x0000000000000000     0x30ee
 .debug_abbrev  0x0000000000000000       0x12 ./system/startup_stm32l052k8tx.o
 .debug_abbrev  0x0000000000000012      0x693 ./src/bootloader.o
 .debug_abbrev  0x00000000000006a5      0x6e3 ./src/cdc.o
 .debug_abbrev  0x0000000000000d88      0x78d ./src/flash_stm32l0x2_drv.o
 .debug_abbrev  0x0000000000001515      0xd54 ./src/main.o
 .debug_abbrev  0x0000000000002269       0xf7 ./src/rcc.o
 .debug_abbrev  0x0000000000002360      0x1e8 ./src/retarget_bkpt.o
 .debug_abbrev  0x0000000000002548       0x65 ./src/stm32l0xx_it.o
 .debug_abbrev  0x00000000000025ad      0x11c ./src/system_stm32l0xx.o
 .debug_abbrev  0x00000000000026c9      0x21a ./src/usb_desc.o
 .debug_abbrev  0x00000000000028e3      0x2fa ./libusb_stm32/src/usbd_core.o
 .debug_abbrev  0x0000000000002bdd      0x511 ./libusb_stm32/src/usbd_stm32l052_devfs.o

.debug_aranges  0x0000000000000000      0x308
 .debug_aranges
                0x0000000000000000       0x28 ./system/startup_stm32l052k8tx.o
 .debug_aranges
                0x0000000000000028       0x20 ./src/bootloader.o
 .debug_aranges
                0x0000000000000048       0x28 ./src/cdc.o
 .debug_aranges
                0x0000000000000070       0xb8 ./src/flash_stm32l0x2_drv.o
 .debug_aranges
                0x0000000000000128       0x70 ./src/main.o
 .debug_aranges
                0x0000000000000198       0x28 ./src/rcc.o
 .debug_aranges
                0x00000000000001c0       0x20 ./src/retarget_bkpt.o
 .debug_aranges
                0x00000000000001e0       0x28 ./src/stm32l0xx_it.o
 .debug_aranges
                0x0000000000000208       0x28 ./src/system_stm32l0xx.o
 .debug_aranges
                0x0000000000000230       0x18 ./src/usb_desc.o
 .debug_aranges
                0x0000000000000248       0x40 ./libusb_stm32/src/usbd_core.o
 .debug_aranges
                0x0000000000000288       0x80 ./libusb_stm32/src/usbd_stm32l052_devfs.o

.debug_str      0x0000000000000000    0x58c50
 .debug_str     0x0000000000000000       0x58 ./system/startup_stm32l052k8tx.o
 .debug_str     0x0000000000000058    0x54a1f ./src/bootloader.o
                                      0x5504c (size before relaxing)
 .debug_str     0x0000000000054a77       0xe6 ./src/cdc.o
                                      0x54e83 (size before relaxing)
 .debug_str     0x0000000000054b5d      0xea6 ./src/flash_stm32l0x2_drv.o
                                      0x3dd57 (size before relaxing)
 .debug_str     0x0000000000055a03     0x1948 ./src/main.o
                                      0x57252 (size before relaxing)
 .debug_str     0x000000000005734b       0x6d ./src/rcc.o
                                      0x3b454 (size before relaxing)
 .debug_str     0x00000000000573b8     0x101c ./src/retarget_bkpt.o
                                       0x85c2 (size before relaxing)
 .debug_str     0x00000000000583d4       0x4f ./src/stm32l0xx_it.o
                                       0x2d32 (size before relaxing)
 .debug_str     0x0000000000058423       0xe3 ./src/system_stm32l0xx.o
                                      0x3ad99 (size before relaxing)
 .debug_str     0x0000000000058506       0x51 ./src/usb_desc.o
                                      0x3ff46 (size before relaxing)
 .debug_str     0x0000000000058557      0x23d ./libusb_stm32/src/usbd_core.o
                                       0x5e2a (size before relaxing)
 .debug_str     0x0000000000058794      0x4bc ./libusb_stm32/src/usbd_stm32l052_devfs.o
                                      0x3d311 (size before relaxing)

.debug_ranges   0x0000000000000000     0x2ba0
 .debug_ranges  0x0000000000000000       0x20 ./system/startup_stm32l052k8tx.o
 .debug_ranges  0x0000000000000020       0x28 ./src/bootloader.o
 .debug_ranges  0x0000000000000048       0x60 ./src/cdc.o
 .debug_ranges  0x00000000000000a8      0x508 ./src/flash_stm32l0x2_drv.o
 .debug_ranges  0x00000000000005b0     0x1ba0 ./src/main.o
 .debug_ranges  0x0000000000002150       0x18 ./src/rcc.o
 .debug_ranges  0x0000000000002168       0x10 ./src/retarget_bkpt.o
 .debug_ranges  0x0000000000002178       0x18 ./src/stm32l0xx_it.o
 .debug_ranges  0x0000000000002190       0x18 ./src/system_stm32l0xx.o
 .debug_ranges  0x00000000000021a8       0xf8 ./libusb_stm32/src/usbd_core.o
 .debug_ranges  0x00000000000022a0      0x900 ./libusb_stm32/src/usbd_stm32l052_devfs.o

.debug_loc      0x0000000000000000     0xa127
 .debug_loc     0x0000000000000000       0x64 ./src/bootloader.o
 .debug_loc     0x0000000000000064      0x1c8 ./src/cdc.o
 .debug_loc     0x000000000000022c     0x1124 ./src/flash_stm32l0x2_drv.o
 .debug_loc     0x0000000000001350     0x5bcd ./src/main.o
 .debug_loc     0x0000000000006f1d      0x1f0 ./src/system_stm32l0xx.o
 .debug_loc     0x000000000000710d      0x914 ./libusb_stm32/src/usbd_core.o
 .debug_loc     0x0000000000007a21     0x2706 ./libusb_stm32/src/usbd_stm32l052_devfs.o

.debug_macro    0x0000000000000000    0x101b7
 .debug_macro   0x0000000000000000      0x357 ./src/bootloader.o
 .debug_macro   0x0000000000000357      0xbb0 ./src/bootloader.o
 .debug_macro   0x0000000000000f07      0x16e ./src/bootloader.o
 .debug_macro   0x0000000000001075       0x10 ./src/bootloader.o
 .debug_macro   0x0000000000001085      0x3f4 ./src/bootloader.o
 .debug_macro   0x0000000000001479       0x22 ./src/bootloader.o
 .debug_macro   0x000000000000149b       0x5e ./src/bootloader.o
 .debug_macro   0x00000000000014f9       0x18 ./src/bootloader.o
 .debug_macro   0x0000000000001511       0x5c ./src/bootloader.o
 .debug_macro   0x000000000000156d       0x35 ./src/bootloader.o
 .debug_macro   0x00000000000015a2       0x34 ./src/bootloader.o
 .debug_macro   0x00000000000015d6      0x17b ./src/bootloader.o
 .debug_macro   0x0000000000001751       0x57 ./src/bootloader.o
 .debug_macro   0x00000000000017a8       0x58 ./src/bootloader.o
 .debug_macro   0x0000000000001800       0x1f ./src/bootloader.o
 .debug_macro   0x000000000000181f       0x43 ./src/bootloader.o
 .debug_macro   0x0000000000001862       0x20 ./src/bootloader.o
 .debug_macro   0x0000000000001882      0x18e ./src/bootloader.o
 .debug_macro   0x0000000000001a10      0x35c ./src/bootloader.o
 .debug_macro   0x0000000000001d6c       0x10 ./src/bootloader.o
 .debug_macro   0x0000000000001d7c       0x35 ./src/bootloader.o
 .debug_macro   0x0000000000001db1       0x8e ./src/bootloader.o
 .debug_macro   0x0000000000001e3f       0x28 ./src/bootloader.o
 .debug_macro   0x0000000000001e67       0x1c ./src/bootloader.o
 .debug_macro   0x0000000000001e83       0xef ./src/bootloader.o
 .debug_macro   0x0000000000001f72       0x6a ./src/bootloader.o
 .debug_macro   0x0000000000001fdc      0x1df ./src/bootloader.o
 .debug_macro   0x00000000000021bb       0x34 ./src/bootloader.o
 .debug_macro   0x00000000000021ef       0x26 ./src/bootloader.o
 .debug_macro   0x0000000000002215      0x44f ./src/bootloader.o
 .debug_macro   0x0000000000002664     0x99d3 ./src/bootloader.o
 .debug_macro   0x000000000000c037       0x28 ./src/bootloader.o
 .debug_macro   0x000000000000c05f       0x3c ./src/bootloader.o
 .debug_macro   0x000000000000c09b       0x34 ./src/bootloader.o
 .debug_macro   0x000000000000c0cf       0x16 ./src/bootloader.o
 .debug_macro   0x000000000000c0e5       0xf6 ./src/bootloader.o
 .debug_macro   0x000000000000c1db       0x46 ./src/bootloader.o
 .debug_macro   0x000000000000c221       0x17 ./src/bootloader.o
 .debug_macro   0x000000000000c238       0x28 ./src/bootloader.o
 .debug_macro   0x000000000000c260       0x86 ./src/bootloader.o
 .debug_macro   0x000000000000c2e6       0x18 ./src/bootloader.o
 .debug_macro   0x000000000000c2fe       0xe2 ./src/bootloader.o
 .debug_macro   0x000000000000c3e0       0x16 ./src/bootloader.o
 .debug_macro   0x000000000000c3f6      0x5f6 ./src/bootloader.o
 .debug_macro   0x000000000000c9ec       0x10 ./src/bootloader.o
 .debug_macro   0x000000000000c9fc      0x133 ./src/bootloader.o
 .debug_macro   0x000000000000cb2f       0x16 ./src/bootloader.o
 .debug_macro   0x000000000000cb45       0x10 ./src/bootloader.o
 .debug_macro   0x000000000000cb55       0xb6 ./src/bootloader.o
 .debug_macro   0x000000000000cc0b      0x4fe ./src/bootloader.o
 .debug_macro   0x000000000000d109       0x58 ./src/bootloader.o
 .debug_macro   0x000000000000d161       0x1c ./src/bootloader.o
 .debug_macro   0x000000000000d17d       0x10 ./src/bootloader.o
 .debug_macro   0x000000000000d18d       0x16 ./src/bootloader.o
 .debug_macro   0x000000000000d1a3       0xff ./src/bootloader.o
 .debug_macro   0x000000000000d2a2       0x28 ./src/bootloader.o
 .debug_macro   0x000000000000d2ca       0x2e ./src/bootloader.o
 .debug_macro   0x000000000000d2f8       0x17 ./src/bootloader.o
 .debug_macro   0x000000000000d30f      0x2fa ./src/cdc.o
 .debug_macro   0x000000000000d609       0x56 ./src/cdc.o
 .debug_macro   0x000000000000d65f       0x51 ./src/cdc.o
 .debug_macro   0x000000000000d6b0       0x64 ./src/cdc.o
 .debug_macro   0x000000000000d714       0x3a ./src/cdc.o
 .debug_macro   0x000000000000d74e      0x140 ./src/flash_stm32l0x2_drv.o
 .debug_macro   0x000000000000d88e      0x375 ./src/main.o
 .debug_macro   0x000000000000dc03       0x10 ./src/main.o
 .debug_macro   0x000000000000dc13       0xf6 ./src/rcc.o
 .debug_macro   0x000000000000dd09      0x1ea ./src/retarget_bkpt.o
 .debug_macro   0x000000000000def3      0xa6c ./src/retarget_bkpt.o
 .debug_macro   0x000000000000e95f       0x94 ./src/retarget_bkpt.o
 .debug_macro   0x000000000000e9f3       0x34 ./src/retarget_bkpt.o
 .debug_macro   0x000000000000ea27       0x10 ./src/retarget_bkpt.o
 .debug_macro   0x000000000000ea37       0xcf ./src/retarget_bkpt.o
 .debug_macro   0x000000000000eb06      0x35c ./src/retarget_bkpt.o
 .debug_macro   0x000000000000ee62       0xb7 ./src/retarget_bkpt.o
 .debug_macro   0x000000000000ef19       0x43 ./src/retarget_bkpt.o
 .debug_macro   0x000000000000ef5c       0x1c ./src/retarget_bkpt.o
 .debug_macro   0x000000000000ef78       0x52 ./src/retarget_bkpt.o
 .debug_macro   0x000000000000efca       0x40 ./src/retarget_bkpt.o
 .debug_macro   0x000000000000f00a       0x10 ./src/retarget_bkpt.o
 .debug_macro   0x000000000000f01a       0x40 ./src/retarget_bkpt.o
 .debug_macro   0x000000000000f05a       0xd7 ./src/retarget_bkpt.o
 .debug_macro   0x000000000000f131       0x1c ./src/retarget_bkpt.o
 .debug_macro   0x000000000000f14d       0x3d ./src/retarget_bkpt.o
 .debug_macro   0x000000000000f18a      0x51a ./src/retarget_bkpt.o
 .debug_macro   0x000000000000f6a4       0x35 ./src/retarget_bkpt.o
 .debug_macro   0x000000000000f6d9      0x15a ./src/retarget_bkpt.o
 .debug_macro   0x000000000000f833       0x1b ./src/stm32l0xx_it.o
 .debug_macro   0x000000000000f84e       0xd5 ./src/system_stm32l0xx.o
 .debug_macro   0x000000000000f923       0x8e ./src/system_stm32l0xx.o
 .debug_macro   0x000000000000f9b1      0x44f ./src/system_stm32l0xx.o
 .debug_macro   0x000000000000fe00      0x1b8 ./src/usb_desc.o
 .debug_macro   0x000000000000ffb8       0x22 ./src/usb_desc.o
 .debug_macro   0x000000000000ffda       0x9c ./libusb_stm32/src/usbd_core.o
 .debug_macro   0x0000000000010076      0x141 ./libusb_stm32/src/usbd_stm32l052_devfs.o

.comment        0x0000000000000000       0x68
 .comment       0x0000000000000000       0x68 ./src/bootloader.o
                                         0x69 (size before relaxing)
 .comment       0x0000000000000068       0x69 ./src/cdc.o
 .comment       0x0000000000000068       0x69 ./src/flash_stm32l0x2_drv.o
 .comment       0x0000000000000068       0x69 ./src/main.o
 .comment       0x0000000000000068       0x69 ./src/rcc.o
 .comment       0x0000000000000068       0x69 ./src/retarget_bkpt.o
 .comment       0x0000000000000068       0x69 ./src/stm32l0xx_it.o
 .comment       0x0000000000000068       0x69 ./src/system_stm32l0xx.o
 .comment       0x0000000000000068       0x69 ./src/usb_desc.o
 .comment       0x0000000000000068       0x69 ./libusb_stm32/src/usbd_core.o
 .comment       0x0000000000000068       0x69 ./libusb_stm32/src/usbd_stm32l052_devfs.o

.debug_frame    0x0000000000000000      0x8b0
 .debug_frame   0x0000000000000000       0x2c ./src/bootloader.o
 .debug_frame   0x000000000000002c       0x38 ./src/cdc.o
 .debug_frame   0x0000000000000064      0x1bc ./src/flash_stm32l0x2_drv.o
 .debug_frame   0x0000000000000220      0x140 ./src/main.o
 .debug_frame   0x0000000000000360       0x30 ./src/rcc.o
 .debug_frame   0x0000000000000390       0x24 ./src/retarget_bkpt.o
 .debug_frame   0x00000000000003b4       0x50 ./src/stm32l0xx_it.o
 .debug_frame   0x0000000000000404       0x38 ./src/system_stm32l0xx.o
 .debug_frame   0x000000000000043c       0xa0 ./libusb_stm32/src/usbd_core.o
 .debug_frame   0x00000000000004dc      0x160 ./libusb_stm32/src/usbd_stm32l052_devfs.o
 .debug_frame   0x000000000000063c       0x20 c:/users/koche/appdata/roaming/gnu mcu eclipse/arm embedded gcc/8.2.1-1.6-20190510-1829/bin/../lib/gcc/arm-none-eabi/8.2.1/thumb/v6-m/nofp\libgcc.a(_udivsi3.o)
 .debug_frame   0x000000000000065c       0x28 c:/users/koche/appdata/roaming/gnu mcu eclipse/arm embedded gcc/8.2.1-1.6-20190510-1829/bin/../lib/gcc/arm-none-eabi/8.2.1/../../../../arm-none-eabi/lib/thumb/v6-m/nofp\libg_nano.a(lib_a-cxa_atexit.o)
 .debug_frame   0x0000000000000684       0x2c c:/users/koche/appdata/roaming/gnu mcu eclipse/arm embedded gcc/8.2.1-1.6-20190510-1829/bin/../lib/gcc/arm-none-eabi/8.2.1/../../../../arm-none-eabi/lib/thumb/v6-m/nofp\libg_nano.a(lib_a-init.o)
 .debug_frame   0x00000000000006b0       0x40 c:/users/koche/appdata/roaming/gnu mcu eclipse/arm embedded gcc/8.2.1-1.6-20190510-1829/bin/../lib/gcc/arm-none-eabi/8.2.1/../../../../arm-none-eabi/lib/thumb/v6-m/nofp\libg_nano.a(lib_a-malloc.o)
 .debug_frame   0x00000000000006f0       0x28 c:/users/koche/appdata/roaming/gnu mcu eclipse/arm embedded gcc/8.2.1-1.6-20190510-1829/bin/../lib/gcc/arm-none-eabi/8.2.1/../../../../arm-none-eabi/lib/thumb/v6-m/nofp\libg_nano.a(lib_a-memcpy-stub.o)
 .debug_frame   0x0000000000000718       0x20 c:/users/koche/appdata/roaming/gnu mcu eclipse/arm embedded gcc/8.2.1-1.6-20190510-1829/bin/../lib/gcc/arm-none-eabi/8.2.1/../../../../arm-none-eabi/lib/thumb/v6-m/nofp\libg_nano.a(lib_a-memset.o)
 .debug_frame   0x0000000000000738       0x2c c:/users/koche/appdata/roaming/gnu mcu eclipse/arm embedded gcc/8.2.1-1.6-20190510-1829/bin/../lib/gcc/arm-none-eabi/8.2.1/../../../../arm-none-eabi/lib/thumb/v6-m/nofp\libg_nano.a(lib_a-nano-freer.o)
 .debug_frame   0x0000000000000764       0x30 c:/users/koche/appdata/roaming/gnu mcu eclipse/arm embedded gcc/8.2.1-1.6-20190510-1829/bin/../lib/gcc/arm-none-eabi/8.2.1/../../../../arm-none-eabi/lib/thumb/v6-m/nofp\libg_nano.a(lib_a-nano-mallocr.o)
 .debug_frame   0x0000000000000794       0x2c c:/users/koche/appdata/roaming/gnu mcu eclipse/arm embedded gcc/8.2.1-1.6-20190510-1829/bin/../lib/gcc/arm-none-eabi/8.2.1/../../../../arm-none-eabi/lib/thumb/v6-m/nofp\libg_nano.a(lib_a-strstr.o)
 .debug_frame   0x00000000000007c0       0x40 c:/users/koche/appdata/roaming/gnu mcu eclipse/arm embedded gcc/8.2.1-1.6-20190510-1829/bin/../lib/gcc/arm-none-eabi/8.2.1/../../../../arm-none-eabi/lib/thumb/v6-m/nofp\libg_nano.a(lib_a-mlock.o)
 .debug_frame   0x0000000000000800       0xb0 c:/users/koche/appdata/roaming/gnu mcu eclipse/arm embedded gcc/8.2.1-1.6-20190510-1829/bin/../lib/gcc/arm-none-eabi/8.2.1/../../../../arm-none-eabi/lib/thumb/v6-m/nofp\libg_nano.a(lib_a-lock.o)
